<?xml version="1.0" encoding="UTF-8"?>
<testng-results ignored="0" total="11" passed="11" failed="0" skipped="0">
  <reporter-output>
  </reporter-output>
  <suite started-at="2025-01-28T11:15:26 IST" name="Gradle suite" finished-at="2025-01-28T11:19:36 IST" duration-ms="249432">
    <groups>
      <group name="Regression Test">
        <method signature="QKART_Tests.TestCase04()[pri:4, instance:QKART_TESTNG.QKART_Tests@f70c800]" name="TestCase04" class="QKART_TESTNG.QKART_Tests"/>
        <method signature="QKART_Tests.TestCase06(java.lang.String,java.lang.String)[pri:6, instance:QKART_TESTNG.QKART_Tests@f70c800]" name="TestCase06" class="QKART_TESTNG.QKART_Tests"/>
        <method signature="QKART_Tests.TestCase08()[pri:8, instance:QKART_TESTNG.QKART_Tests@f70c800]" name="TestCase08" class="QKART_TESTNG.QKART_Tests"/>
        <method signature="QKART_Tests.TestCase09()[pri:9, instance:QKART_TESTNG.QKART_Tests@f70c800]" name="TestCase09" class="QKART_TESTNG.QKART_Tests"/>
        <method signature="QKART_Tests.TestCase10()[pri:10, instance:QKART_TESTNG.QKART_Tests@f70c800]" name="TestCase10" class="QKART_TESTNG.QKART_Tests"/>
      </group> <!-- Regression Test -->
      <group name="Sanity test">
        <method signature="QKART_Tests.TestCase01()[pri:1, instance:QKART_TESTNG.QKART_Tests@f70c800]" name="TestCase01" class="QKART_TESTNG.QKART_Tests"/>
        <method signature="QKART_Tests.TestCase02()[pri:2, instance:QKART_TESTNG.QKART_Tests@f70c800]" name="TestCase02" class="QKART_TESTNG.QKART_Tests"/>
        <method signature="QKART_Tests.TestCase03()[pri:3, instance:QKART_TESTNG.QKART_Tests@f70c800]" name="TestCase03" class="QKART_TESTNG.QKART_Tests"/>
        <method signature="QKART_Tests.TestCase05(java.lang.String,java.lang.String)[pri:5, instance:QKART_TESTNG.QKART_Tests@f70c800]" name="TestCase05" class="QKART_TESTNG.QKART_Tests"/>
        <method signature="QKART_Tests.TestCase07(java.lang.String)[pri:7, instance:QKART_TESTNG.QKART_Tests@f70c800]" name="TestCase07" class="QKART_TESTNG.QKART_Tests"/>
        <method signature="QKART_Tests.TestCase11()[pri:11, instance:QKART_TESTNG.QKART_Tests@f70c800]" name="TestCase11" class="QKART_TESTNG.QKART_Tests"/>
      </group> <!-- Sanity test -->
    </groups>
    <test started-at="2025-01-28T11:15:26 IST" name="Gradle test" finished-at="2025-01-28T11:19:36 IST" duration-ms="249432">
      <class name="QKART_TESTNG.QKART_Tests">
        <test-method is-config="true" signature="createDriver()[pri:0, instance:QKART_TESTNG.QKART_Tests@f70c800]" started-at="2025-01-28T11:15:23 IST" name="createDriver" finished-at="2025-01-28T11:15:26 IST" duration-ms="3270" status="PASS">
          <reporter-output>
          </reporter-output>
        </test-method> <!-- createDriver -->
        <test-method signature="TestCase01()[pri:1, instance:QKART_TESTNG.QKART_Tests@f70c800]" started-at="2025-01-28T11:15:26 IST" name="TestCase01" description="Verify User Registration" finished-at="2025-01-28T11:15:35 IST" duration-ms="8685" status="PASS">
          <reporter-output>
          </reporter-output>
        </test-method> <!-- TestCase01 -->
        <test-method signature="TestCase02()[pri:2, instance:QKART_TESTNG.QKART_Tests@f70c800]" started-at="2025-01-28T11:15:35 IST" name="TestCase02" description="Verify User Registration with an existing username" finished-at="2025-01-28T11:16:10 IST" duration-ms="35121" status="PASS">
          <reporter-output>
          </reporter-output>
        </test-method> <!-- TestCase02 -->
        <test-method signature="TestCase03()[pri:3, instance:QKART_TESTNG.QKART_Tests@f70c800]" started-at="2025-01-28T11:16:10 IST" name="TestCase03" description="Verify functionality of search box" finished-at="2025-01-28T11:16:19 IST" duration-ms="8794" status="PASS">
          <reporter-output>
          </reporter-output>
        </test-method> <!-- TestCase03 -->
        <test-method signature="TestCase04()[pri:4, instance:QKART_TESTNG.QKART_Tests@f70c800]" started-at="2025-01-28T11:16:19 IST" name="TestCase04" description="Verify the presence of size Chart" finished-at="2025-01-28T11:16:39 IST" duration-ms="20070" status="PASS">
          <reporter-output>
          </reporter-output>
        </test-method> <!-- TestCase04 -->
        <test-method signature="TestCase05(java.lang.String,java.lang.String)[pri:5, instance:QKART_TESTNG.QKART_Tests@f70c800]" started-at="2025-01-28T11:16:39 IST" name="TestCase05" description="Verify Happy Flow of buying products" finished-at="2025-01-28T11:17:05 IST" duration-ms="25387" status="PASS">
          <params>
            <param index="0">
              <value>
                <![CDATA[YONEX Smash Badminton Racquet]]>
              </value>
            </param>
            <param index="1">
              <value>
                <![CDATA[Tan Leatherette Weekender Duffle]]>
              </value>
            </param>
          </params>
          <reporter-output>
          </reporter-output>
        </test-method> <!-- TestCase05 -->
        <test-method signature="TestCase06(java.lang.String,java.lang.String)[pri:6, instance:QKART_TESTNG.QKART_Tests@f70c800]" started-at="2025-01-28T11:17:05 IST" name="TestCase06" description="Verify that cart can be edited" finished-at="2025-01-28T11:17:34 IST" duration-ms="29873" status="PASS">
          <params>
            <param index="0">
              <value>
                <![CDATA[Xtend Smart Watch]]>
              </value>
            </param>
            <param index="1">
              <value>
                <![CDATA[Yarine Floor Lamp]]>
              </value>
            </param>
          </params>
          <reporter-output>
          </reporter-output>
        </test-method> <!-- TestCase06 -->
        <test-method signature="TestCase07(java.lang.String)[pri:7, instance:QKART_TESTNG.QKART_Tests@f70c800]" started-at="2025-01-28T11:17:34 IST" name="TestCase07" description="Verify that insufficient balance error is thrown when the wallet balance is not enough" finished-at="2025-01-28T11:18:46 IST" duration-ms="71337" status="PASS">
          <params>
            <param index="0">
              <value>
                <![CDATA[Stylecon 9 Seater RHS Sofa Set]]>
              </value>
            </param>
          </params>
          <reporter-output>
          </reporter-output>
        </test-method> <!-- TestCase07 -->
        <test-method signature="TestCase08()[pri:8, instance:QKART_TESTNG.QKART_Tests@f70c800]" started-at="2025-01-28T11:18:46 IST" name="TestCase08" description="Verify that product added to cart is available when a new tab is opened" finished-at="2025-01-28T11:19:01 IST" duration-ms="15006" status="PASS">
          <reporter-output>
          </reporter-output>
        </test-method> <!-- TestCase08 -->
        <test-method signature="TestCase09()[pri:9, instance:QKART_TESTNG.QKART_Tests@f70c800]" started-at="2025-01-28T11:19:01 IST" name="TestCase09" description="Verify that the Privacy Policy, About Us are displayed correctly" finished-at="2025-01-28T11:19:10 IST" duration-ms="8828" status="PASS">
          <reporter-output>
          </reporter-output>
        </test-method> <!-- TestCase09 -->
        <test-method signature="TestCase10()[pri:10, instance:QKART_TESTNG.QKART_Tests@f70c800]" started-at="2025-01-28T11:19:10 IST" name="TestCase10" description="Verify that contact us option is working correctly" finished-at="2025-01-28T11:19:12 IST" duration-ms="2376" status="PASS">
          <reporter-output>
          </reporter-output>
        </test-method> <!-- TestCase10 -->
        <test-method signature="TestCase11()[pri:11, instance:QKART_TESTNG.QKART_Tests@f70c800]" started-at="2025-01-28T11:19:12 IST" name="TestCase11" description="Ensure that the links on the QKART advertisement are clickable" finished-at="2025-01-28T11:19:36 IST" duration-ms="23799" status="PASS">
          <reporter-output>
          </reporter-output>
        </test-method> <!-- TestCase11 -->
        <test-method is-config="true" signature="quitDriver()[pri:0, instance:QKART_TESTNG.QKART_Tests@f70c800]" started-at="2025-01-28T11:19:36 IST" name="quitDriver" finished-at="2025-01-28T11:19:36 IST" duration-ms="118" status="PASS">
          <reporter-output>
          </reporter-output>
        </test-method> <!-- quitDriver -->
      </class> <!-- QKART_TESTNG.QKART_Tests -->
    </test> <!-- Gradle test -->
  </suite> <!-- Gradle suite -->
</testng-results>
